ets Jul 29 2019 12:21:46

rst:0x1 (POWERON_RESET),boot:0x17 (SPI_FAST_FLASH_BOOT)
configsip: 0, SPIWP:0xee
clk_drv:0x00,q_drv:0x00,d_drv:0x00,cs0_drv:0x00,hd_drv:0x00,wp_drv:0x00
mode:DIO, clock div:2
load:0x3fff0030,len:1184
load:0x40078000,len:13232
load:0x40080400,len:3028
entry 0x400805e4
GUIDON Flashcard OS booting...
TFT init done (ST7796S/320x480).
Touch calibration ready.
[touch-probe] tap now - polling for 4s BEFORE SD init...
[touch-probe] HIT x=215 y=98
[touch-probe] HIT x=154 y=96
[touch-probe] HIT x=137 y=149
[touch-probe] HIT x=174 y=282
[touch-probe] HIT x=184 y=180
[touch-probe] HIT x=186 y=173
[touch-probe] HIT x=148 y=217
[touch-probe] HIT x=215 y=370
[touch-probe] HIT x=213 y=371
[touch-probe] HIT x=227 y=356
[touch-probe] HIT x=236 y=188
[touch-probe] HIT x=243 y=183
[touch-probe] done, 12 hits in 4s (pre-SD)
[  5335][E][esp32-hal-cpu.c:110] addApbChangeCallback(): duplicate func=0x400db7ec arg=0x3ffbdc48
SD: card found on CS=5.
Loaded 78 categories.
[touch-probe] tap now - polling for 4s AFTER SD init...
[touch-probe] done, 0 hits in 4s (post-SD)
Ready - showing subject list.
