ets Jul 29 2019 12:21:46

rst:0x1 (POWERON_RESET),boot:0x17 (SPI_FAST_FLASH_BOOT)
configsip: 0, SPIWP:0xee
clk_drv:0x00,q_drv:0x00,d_drv:0x00,cs0_drv:0x00,hd_drv:0x00,wp_drv:0x00
mode:DIO, clock div:2
load:0x3fff0030,len:1184
load:0x40078000,len:13232
load:0x40080400,len:3028
entry 0x400805e4
GUIDON Flashcard OS booting...
TFT init done (ST7796S/320x480).
Touch calibration ready.
SD: card found on CS=5.
Loaded 78 categories.
Ready - showing subject list.
[edge] touched=1 x=122 y=47 state=0
[edge] touched=0 x=122 y=47 state=0
[edge] touched=1 x=140 y=45 state=0
[edge] touched=0 x=140 y=45 state=0
[edge] touched=1 x=159 y=56 state=0
[edge] touched=0 x=159 y=56 state=1
[edge] touched=1 x=165 y=69 state=1
[edge] touched=0 x=165 y=69 state=1
[edge] touched=1 x=190 y=67 state=1
[edge] touched=0 x=190 y=67 state=1
